// Jest Snapshot v1, https://goo.gl/fbAQLP

exports[`Hero List Item snapshot shoul match 1`] = `
<p>
  HeroListItem works!
</p>
`;
