// Jest Snapshot v1, https://goo.gl/fbAQLP

exports[`Hero Dashboard snapshot shoul match 1`] = `
<p>
  HeroDashboard works!
</p>
`;
