// Jest Snapshot v1, https://goo.gl/fbAQLP

exports[`Hero List snapshot shoul match 1`] = `<ul />`;
