// Jest Snapshot v1, https://goo.gl/fbAQLP

exports[`Login snapshot shoul match 1`] = `
<button
  onClick={[Function]}
>
  Login
</button>
`;
